╭────────────────────────────────────────╮
│                                        │
│  Review the pull request and leave     │
│  comments on the architecture          │
│  decisions                             │
│                                        │
╰────────────────────────────────────────╯