ThreeDoors - Technical Demo
Pick one. Start small. That's progress.

╭────────────────────────╮╭────────────────────────╮╭────────────────────────╮
│                        ││                        ││                        │
│                        ││                        ││                        │
│                        ││                        ││                        │
│  [todo]                ││  [todo]                ││  [todo]                │
│                        ││                        ││                        │
│  Remaining task A      ││  Remaining task B      ││  Remaining task C      │
│                        ││                        ││                        │
│                        ││                        ││                        │
│                        ││                        ││                        │
│                        ││                        ││                        │
╰────────────────────────╯╰────────────────────────╯╰────────────────────────╯

Completed this session: 3

a/left, w/up, d/right to select | s/down to re-roll | Enter to open | N feedback | / search | M mood | q quit
Three doors. One choice. Zero wrong answers.